// Jest Snapshot v1, https://goo.gl/fbAQLP

exports[`DrawingToolbarComponent should create 1`] = `
<app-drawing-toolbar
  brushType={[Function Object]}
  changed={[Function EventEmitter]}
  destroyed$={[Function Subject]}
  form={[Function FormGroup]}
  formBuilder={[Function FormBuilder]}
>
  <form
    ng-reflect-form="[object Object]"
    novalidate=""
  >
    <evb-formcontrol
      class=""
    >
      <label>
        Enable drawing
      </label>
      <evb-toggle
        evbcontrol=""
        formcontrolname="enabled"
      />
    </evb-formcontrol>
    
  </form>
</app-drawing-toolbar>
`;
