// Jest Snapshot v1, https://goo.gl/fbAQLP

exports[`CanvasComponent should create 1`] = `
<app-canvas
  flyout="undefined"
>
  <evb-dropzone>
    <evb-filepicker
      accept="image/*"
    >
      <h3
        class="pick-image-title"
      >
        Pick an image to get started
      </h3>
      <evb-button
        pill="true"
      >
        Pick a image
      </evb-button>
    </evb-filepicker>
  </evb-dropzone>
</app-canvas>
`;
